STEP:        step6_ask_streaming
DESCRIPTION: POST /ask streaming returns chunks
EXPECTED RC: 0
TIMESTAMP:   2026-09-24T15:26:02+00:00
COMMAND:
    python -c "
    import sys; sys.path.insert(0, '.')
    from fastapi.testclient import TestClient
    from src.api.main import app
    client = TestClient(app)
    with client.stream('POST', '/ask', json={'question': 'What is RAG?'}) as r:
        print('status:', r.status_code)
        assert r.status_code == 200
        chunks = list(r.iter_text())
        full = ''.join(chunks)
        print(f'chunks: {len(chunks)}, total bytes: {len(full)}')
        print(f'head: {full[:80]!r}')
        assert len(full) > 0
    "
--- OUTPUT ---
status: 200
chunks: 1, total bytes: 20
head: '[FAKE] What is RAG? '
--- END ---
EXIT_CODE: 0
VERDICT:   PASS
