2026-06-20 18:56:13,799  INFO  ask_batched  question='What is RAG?'
2026-06-20 18:56:14,933  INFO  asked: What is RAG?
2026-06-20 18:56:15,556  INFO  ask_batched  question='Please summarize the company policy on remote work. Please summarize the company'
2026-06-20 18:56:15,904  INFO  asked: Please summarize the company policy on r
2026-06-20 18:56:16,180  INFO  ask  question='What is the leave policy?'
2026-06-20 18:56:16,184  INFO  ask  question='How does the procurement approval process work?'
2026-06-20 18:56:16,185  INFO  ask  question='Who do I contact for tech support?'
2026-06-20 18:56:16,186  INFO  ask  question='What is the parental leave policy?'
2026-06-20 18:56:16,189  INFO  ask  question='How do I file a reimbursement claim?'
2026-06-20 18:56:16,189  INFO  ask  question='What is the WFH policy this quarter?'
2026-06-20 18:56:16,194  INFO  ask  question='Who approves a new vendor?'
2026-06-20 18:56:16,194  INFO  ask  question='What is the IT helpdesk number?'
2026-06-20 18:56:16,199  INFO  ask  question='What is the leave policy?'
2026-06-20 18:56:16,199  INFO  ask  question='How does the procurement approval process work?'
2026-06-20 18:56:16,518  INFO  asked: What is the parental leave policy?
2026-06-20 18:56:16,562  INFO  asked: Who approves a new vendor?
2026-06-20 18:56:16,632  INFO  asked: How does the procurement approval proces
2026-06-20 18:56:16,776  INFO  asked: Who do I contact for tech support?
2026-06-20 18:56:16,786  INFO  asked: How does the procurement approval proces
2026-06-20 18:56:16,965  INFO  ask  question='Who do I contact for tech support?'
2026-06-20 18:56:16,970  INFO  ask  question='What is the parental leave policy?'
2026-06-20 18:56:17,029  INFO  asked: What is the IT helpdesk number?
2026-06-20 18:56:17,070  INFO  asked: What is the WFH policy this quarter?
2026-06-20 18:56:17,114  INFO  asked: How do I file a reimbursement claim?
2026-06-20 18:56:17,134  INFO  ask  question='How do I file a reimbursement claim?'
2026-06-20 18:56:17,246  INFO  asked: What is the leave policy?
2026-06-20 18:56:17,277  INFO  ask  question='What is the WFH policy this quarter?'
2026-06-20 18:56:17,289  INFO  ask  question='Who approves a new vendor?'
2026-06-20 18:56:17,324  INFO  asked: Who do I contact for tech support?
2026-06-20 18:56:17,416  INFO  asked: What is the leave policy?
2026-06-20 18:56:17,480  INFO  ask  question='What is the IT helpdesk number?'
2026-06-20 18:56:17,507  INFO  asked: What is the parental leave policy?
2026-06-20 18:56:17,572  INFO  ask  question='What is the leave policy?'
2026-06-20 18:56:17,618  INFO  ask  question='How does the procurement approval process work?'
2026-06-20 18:56:17,647  INFO  ask  question='Who do I contact for tech support?'
2026-06-20 18:56:17,819  INFO  ask  question='What is the parental leave policy?'
2026-06-20 18:56:17,827  INFO  ask  question='How do I file a reimbursement claim?'
2026-06-20 18:56:17,899  INFO  asked: What is the WFH policy this quarter?
2026-06-20 18:56:17,937  INFO  asked: Who approves a new vendor?
2026-06-20 18:56:17,961  INFO  ask  question='What is the WFH policy this quarter?'
2026-06-20 18:56:18,019  INFO  asked: What is the IT helpdesk number?
2026-06-20 18:56:18,023  INFO  asked: How do I file a reimbursement claim?
2026-06-20 18:56:18,167  INFO  asked: How do I file a reimbursement claim?
2026-06-20 18:56:18,342  INFO  ask  question='Who approves a new vendor?'
2026-06-20 18:56:18,405  INFO  ask  question='What is the IT helpdesk number?'
2026-06-20 18:56:18,470  INFO  ask  question='What is the leave policy?'
2026-06-20 18:56:18,521  INFO  asked: How does the procurement approval proces
2026-06-20 18:56:18,525  INFO  ask  question='How does the procurement approval process work?'
2026-06-20 18:56:18,602  INFO  asked: What is the WFH policy this quarter?
2026-06-20 18:56:18,628  INFO  asked: What is the parental leave policy?
2026-06-20 18:56:18,670  INFO  ask  question='Who do I contact for tech support?'
2026-06-20 18:56:18,834  INFO  asked: Who do I contact for tech support?
2026-06-20 18:56:18,910  INFO  asked: Who approves a new vendor?
2026-06-20 18:56:19,011  INFO  asked: Who do I contact for tech support?
2026-06-20 18:56:19,024  INFO  ask  question='What is the parental leave policy?'
2026-06-20 18:56:19,055  INFO  asked: What is the leave policy?
2026-06-20 18:56:19,081  INFO  ask  question='How do I file a reimbursement claim?'
2026-06-20 18:56:19,104  INFO  ask  question='What is the WFH policy this quarter?'
2026-06-20 18:56:19,312  INFO  ask  question='Who approves a new vendor?'
2026-06-20 18:56:19,337  INFO  ask  question='What is the IT helpdesk number?'
2026-06-20 18:56:19,343  INFO  asked: What is the leave policy?
2026-06-20 18:56:19,407  INFO  asked: What is the IT helpdesk number?
2026-06-20 18:56:19,459  INFO  ask  question='What is the leave policy?'
2026-06-20 18:56:19,512  INFO  ask  question='How does the procurement approval process work?'
2026-06-20 18:56:19,744  INFO  ask  question='Who do I contact for tech support?'
2026-06-20 18:56:19,860  INFO  ask  question='What is the parental leave policy?'
2026-06-20 18:56:19,862  INFO  asked: How does the procurement approval proces
2026-06-20 18:56:19,934  INFO  asked: How does the procurement approval proces
2026-06-20 18:56:19,991  INFO  asked: What is the WFH policy this quarter?
2026-06-20 18:56:20,071  INFO  asked: Who approves a new vendor?
2026-06-20 18:56:20,101  INFO  asked: How do I file a reimbursement claim?
2026-06-20 18:56:20,159  INFO  asked: Who do I contact for tech support?
2026-06-20 18:56:20,367  INFO  ask  question='How do I file a reimbursement claim?'
2026-06-20 18:56:20,437  INFO  ask  question='What is the WFH policy this quarter?'
2026-06-20 18:56:20,473  INFO  ask  question='Who approves a new vendor?'
2026-06-20 18:56:20,489  INFO  asked: What is the parental leave policy?
2026-06-20 18:56:20,495  INFO  ask  question='What is the IT helpdesk number?'
2026-06-20 18:56:20,498  INFO  asked: What is the IT helpdesk number?
2026-06-20 18:56:20,503  INFO  asked: What is the leave policy?
2026-06-20 18:56:20,605  INFO  ask  question='What is the leave policy?'
2026-06-20 18:56:20,663  INFO  ask  question='How does the procurement approval process work?'
2026-06-20 18:56:20,728  INFO  asked: How do I file a reimbursement claim?
2026-06-20 18:56:20,906  INFO  ask  question='Who do I contact for tech support?'
2026-06-20 18:56:20,942  INFO  ask  question='What is the parental leave policy?'
2026-06-20 18:56:20,956  INFO  ask  question='How do I file a reimbursement claim?'
2026-06-20 18:56:21,097  INFO  asked: What is the parental leave policy?
2026-06-20 18:56:21,230  INFO  ask  question='What is the WFH policy this quarter?'
2026-06-20 18:56:21,473  INFO  asked: What is the parental leave policy?
2026-06-20 18:56:21,552  INFO  ask  question='Who approves a new vendor?'
2026-06-20 18:56:21,715  INFO  asked: What is the IT helpdesk number?
2026-06-20 18:56:21,744  INFO  asked: Who approves a new vendor?
2026-06-20 18:56:21,806  INFO  asked: How does the procurement approval proces
2026-06-20 18:56:21,812  INFO  asked: What is the WFH policy this quarter?
2026-06-20 18:56:21,829  INFO  asked: What is the leave policy?
2026-06-20 18:56:21,878  INFO  asked: Who do I contact for tech support?
2026-06-20 18:56:21,925  INFO  ask  question='What is the IT helpdesk number?'
2026-06-20 18:56:21,928  INFO  asked: What is the WFH policy this quarter?
2026-06-20 18:56:22,147  INFO  ask  question='What is the leave policy?'
2026-06-20 18:56:22,168  INFO  ask  question='How does the procurement approval process work?'
2026-06-20 18:56:22,205  INFO  asked: How do I file a reimbursement claim?
2026-06-20 18:56:22,206  INFO  asked: Who approves a new vendor?
2026-06-20 18:56:22,496  INFO  asked: What is the leave policy?
2026-06-20 18:56:22,691  INFO  asked: How does the procurement approval proces
2026-06-20 18:56:23,315  INFO  asked: What is the IT helpdesk number?
