STEP:        step4_uvicorn_start
DESCRIPTION: Start uvicorn api.main:app + wait for ready
EXPECTED RC: 0
TIMESTAMP:   2026-06-20T18:56:08+00:00
COMMAND:
    uvicorn api.main:app --port 8000 --log-level warning > '/voc/work/W3_package/logs/_uvicorn_real.log' 2>&1 &
        UV_PID=$!
        echo $UV_PID > '/voc/work/W3_package/logs/_uvicorn.pid'
        echo "uvicorn started, pid=$UV_PID"
        for i in 1 2 3 4 5 6 7 8 9 10; do
            sleep 1
            if curl -s -f -o /dev/null http://localhost:8000/health 2>/dev/null; then
                echo "server ready after ${i}s"
                exit 0
            fi
        done
        echo 'SERVER NEVER BECAME READY'
        echo '--- uvicorn log ---'
        cat '/voc/work/W3_package/logs/_uvicorn_real.log'
        exit 1
--- OUTPUT ---
uvicorn started, pid=1059
server ready after 1s
--- END ---
EXIT_CODE: 0
VERDICT:   PASS
