STEP:        step4_case1_empty_body
DESCRIPTION: Lab §3a Case 1: empty body → 422
EXPECTED RC: 0
TIMESTAMP:   2026-06-20T18:56:14+00:00
COMMAND:
    out=$(curl -s -i -X POST http://localhost:8000/ask \
                       -H 'Content-Type: application/json' \
                       -d '{}')
        echo "$out"
        echo "$out" | head -1 | grep -q '422' || { echo 'EXPECTED 422'; exit 1; }
--- OUTPUT ---
HTTP/1.1 422 Unprocessable Entity
date: Sat, 20 Jun 2026 18:56:14 GMT
server: uvicorn
content-length: 91
content-type: application/json

{"detail":[{"type":"missing","loc":["body","question"],"msg":"Field required","input":{}}]}
--- END ---
EXIT_CODE: 0
VERDICT:   PASS
