STEP:        step8_migrate_with_pythonpath
DESCRIPTION: Same migrate_store run with PYTHONPATH=. — proves code itself works
EXPECTED RC: 0
TIMESTAMP:   2026-09-24T15:26:07+00:00
COMMAND:
    set -e
        rm -f /tmp/_w4_migrate_test.db
        # With PYTHONPATH=., the 'src' package is reachable — bypass the script's
        # default sys.path issue. This confirms migrate_store.py's LOGIC is correct.
        PYTHONPATH=. python scripts/migrate_store.py /tmp/_w4_migrate_test.db
        python -c "
    import sqlite3
    conn = sqlite3.connect('/tmp/_w4_migrate_test.db')
    cols = [r[1] for r in conn.execute('PRAGMA table_info(answers)').fetchall()]
    print(f'columns after migration: {cols}')
    for c in ('model', 'confidence', 'sources_json', 'schema_version'):
        assert c in cols, f'missing W4 column: {c}'
    print('PASS — code itself works fine when invoked with PYTHONPATH set')
    "
        rm -f /tmp/_w4_migrate_test.db
--- OUTPUT ---
Migrated: /tmp/_w4_migrate_test.db
  Columns before : (none — table created)
  Columns after  : ['id', 'question', 'content', 'retries', 'cost_usd', 'created_at', 'model', 'confidence', 'sources_json', 'schema_version']
  Added          : ['id', 'question', 'content', 'retries', 'cost_usd', 'created_at', 'model', 'confidence', 'sources_json', 'schema_version']
columns after migration: ['id', 'question', 'content', 'retries', 'cost_usd', 'created_at', 'model', 'confidence', 'sources_json', 'schema_version']
PASS — code itself works fine when invoked with PYTHONPATH set
--- END ---
EXIT_CODE: 0
VERDICT:   PASS
