STEP:        step4_store_ensure_schema
DESCRIPTION: ensure_schema creates the W4 columns
EXPECTED RC: 0
TIMESTAMP:   2026-09-24T15:25:57+00:00
COMMAND:
    python -c "
    import sys, tempfile, os, sqlite3; sys.path.insert(0, '.')
    from src.pipeline.store import ensure_schema
    with tempfile.NamedTemporaryFile(suffix='.db', delete=False) as f: path = f.name
    ensure_schema(path)
    conn = sqlite3.connect(path)
    cols = [r[1] for r in conn.execute('PRAGMA table_info(answers)').fetchall()]
    conn.close(); os.unlink(path)
    print(f'answers columns: {cols}')
    for c in ('content', 'cost_usd', 'retries', 'model', 'confidence', 'sources_json', 'schema_version'):
        assert c in cols, f'missing column: {c}'
    "
--- OUTPUT ---
answers columns: ['id', 'question', 'content', 'retries', 'cost_usd', 'created_at', 'model', 'confidence', 'sources_json', 'schema_version']
--- END ---
EXIT_CODE: 0
VERDICT:   PASS
