STEP:        step6_ask_batched_w4
DESCRIPTION: POST /ask_batched returns 6-field W4 Answer
EXPECTED RC: 0
TIMESTAMP:   2026-09-24T15:26:01+00:00
COMMAND:
    python -c "
    import sys; sys.path.insert(0, '.')
    from fastapi.testclient import TestClient
    from src.api.main import app
    client = TestClient(app)
    r = client.post('/ask_batched', json={'question': 'What is RAG?'})
    print('status:', r.status_code)
    body = r.json()
    print('keys:', sorted(body.keys()))
    for f in ('content', 'cost_usd', 'retries', 'confidence', 'sources', 'schema_version'):
        assert f in body, f'missing W4 field: {f}'
    print('schema_version:', body['schema_version'])
    print('content head:', body['content'][:80])
    "
--- OUTPUT ---
status: 200
keys: ['confidence', 'content', 'cost_usd', 'retries', 'schema_version', 'sources']
schema_version: v1
content head: [FAKE] What is RAG?
--- END ---
EXIT_CODE: 0
VERDICT:   PASS
